| app/config/routes.rb:3:3:3:41 | call to resources | Found unauthed Rails route, method=get path=users controller=users action=index |
| app/config/routes.rb:3:3:3:41 | call to resources | Found unauthed Rails route, method=get path=users/:id controller=users action=show |
| app/config/routes.rb:4:3:4:41 | call to resources | Found unauthed Rails route, method=get path=posts controller=posts action=index |
